// Jest Snapshot v1, https://goo.gl/fbAQLP

exports[`PermitMap component renders a permit map by default 1`] = `"Loading..."`;
