// Jest Snapshot v1, https://goo.gl/fbAQLP

exports[`Footer component renders a footer by default 1`] = `
<footer>
  Copyright Â© 2020 Permitful
</footer>
`;
